<html>
<body>
<pre>
<h1>µVision Build Log</h1>
<h2>Tool Versions:</h2>
IDE-Version: µVision V5.20.0.0
Copyright (C) 2016 ARM Ltd and ARM Germany GmbH. All rights reserved.
License Information: Alexandr Neuimin, Kpi, LIC=0VRHL-0K5P0-WJS6K-ZW24K-N10V9-81PG7
 
Tool Versions:
Toolchain:       MDK-ARM Professional  Version: 5.20
Toolchain Path:  C:\Keil_v5\ARM\ARMCC\Bin
C Compiler:      Armcc.exe V5.06 update 2 (build 183)
Assembler:       Armasm.exe V5.06 update 2 (build 183)
Linker/Locator:  ArmLink.exe V5.06 update 2 (build 183)
Library Manager: ArmAr.exe V5.06 update 2 (build 183)
Hex Converter:   FromElf.exe V5.06 update 2 (build 183)
CPU DLL:         SARMCM3.DLL V5.20
Dialog DLL:      DCM.DLL V1.13.7.0
Target DLL:      STLink\ST-LINKIII-KEIL_SWO.dll V2.0.18.0
Dialog DLL:      TCM.DLL V1.14.9.0
 
<h2>Project:</h2>
D:\D\WorkSpace\tms320c6678_TMDSEVM6678L\ProjectConnetBoards\Disc_test\MDK-ARM\Disc_test.uvprojx
Project File Date:  11/22/2017

<h2>Output:</h2>
*** Using Compiler 'V5.06 update 2 (build 183)', folder: 'C:\Keil_v5\ARM\ARMCC\Bin'
Build target 'Disc_test'
compiling main.c...
../Src/main.c(109): warning:  #550-D: variable "err" was set but never used
        int err;
../Src/main.c(110): warning:  #177-D: variable "RAddr" was declared but never referenced
        uint32_t RAddr;
../Src/main.c(111): warning:  #177-D: variable "RValue" was declared but never referenced
        uint16_t RValue;
../Src/main.c(113): warning:  #177-D: variable "st_is" was declared but never referenced
        HAL_I2S_StateTypeDef st_is;
../Src/main.c(323): warning:  #177-D: function "MX_GPIO_Init" was declared but never referenced
  static void MX_GPIO_Init(void)
../Src/main.c(284): warning:  #177-D: function "MX_I2S2_Init" was declared but never referenced
  static void MX_I2S2_Init(void)
../Src/main.c(264): warning:  #177-D: function "MX_I2C2_Init" was declared but never referenced
  static void MX_I2C2_Init(void)
../Src/main.c: 7 warnings, 0 errors
linking...
Program Size: Code=8500 RO-data=448 RW-data=36 ZI-data=1180  
"Disc_test\Disc_test.axf" - 0 Error(s), 7 Warning(s).

<h2>Software Packages used:</h2>

Package Vendor: ARM
                http://www.keil.com/pack/ARM.CMSIS.4.5.0.pack
                ARM::CMSIS:CORE:4.3.0
                CMSIS (Cortex Microcontroller Software Interface Standard)
   * Component: CORE Version: 4.3.0

<h2>Collection of Component include folders:</h2>
  D:\D\WorkSpace\tms320c6678_TMDSEVM6678L\ProjectConnetBoards\Disc_test\MDK-ARM\RTE
  C:\Keil_v5\ARM\PACK\ARM\CMSIS\4.5.0\CMSIS\Include
  C:\Keil_v5\ARM\PACK\Keil\STM32F4xx_DFP\2.9.0\Drivers\CMSIS\Device\ST\STM32F4xx\Include

<h2>Collection of Component Files used:</h2>

   * Component: ARM::CMSIS:CORE:4.3.0
Build Time Elapsed:  00:00:11
</pre>
</body>
</html>
